// Jest Snapshot v1, https://goo.gl/fbAQLP

exports[`HikeFullTrailCard component renders UI as expected 1`] = `
<div
  className="track-info"
>
  <h3
    className="title"
  />
  <div
    className="text-container"
  >
    <p>
      BENEFITS : 
    </p>
    <br />
    <p>
      LEVEL : 
    </p>
    <br />
    <p>
      TRACK TYPE : 
    </p>
    <br />
  </div>
  <div
    className="bt-container"
  >
    <button
      onClick={[Function]}
    >
      Back
    </button>
  </div>
</div>
`;
