// Jest Snapshot v1, https://goo.gl/fbAQLP

exports[`TrackFullCard component renders UI as expected 1`] = `
<div
  className="track-info"
>
  <div
    className="error"
  />
  <h3
    className="title"
  />
  <h3
    className="title"
  />
  <div
    className="text-container"
  >
    <p>
      LEVEL : 
    </p>
    <br />
    <p>
      TRACK TYPE : 
    </p>
    <br />
  </div>
  <form
    onSubmit={[Function]}
  >
    <div
      className="note-container"
    >
      <h3
        className="title"
      >
        Notes
      </h3>
      <textarea
        cols="50"
        onChange={[Function]}
        rows="10"
        value=""
      />
    </div>
    <button
      onClick={[Function]}
    >
      Back
    </button>
  </form>
</div>
`;
